[backblue.gif]
[fade.gif]
[index.html]
[www.juniv.edu/client-v2/favicons/apple-touch-icon.png]
[www.juniv.edu/client-v2/favicons/favicon-32x32.png]
[www.juniv.edu/client-v2/favicons/favicon-16x16.png]
[www.juniv.edu/client-v2/favicons/manifest.json]
[www.juniv.edu/client-v2/favicons/favicon.ico]
[www.juniv.edu/client-v2/favicons/browserconfig.xml]
[www.juniv.edu/client-v2/ui-libs/fontawesome/js/fontawesome-all.js]
[cdnjs.cloudflare.com/ajax/libs/animate.css/3.5.2/animate.min.css]
[www.juniv.edu/client-v2/ui-libs/bootstrap-4.0.0-beta/js/bootstrap.min.js]
[cdnjs.cloudflare.com/ajax/libs/popper.js/1.12.3/umd/popper.min.js]
[www.juniv.edu/client-v2/js/jquery.lazy.min.js]
[code.jquery.com/jquery-3.2.1.min.js]
[www.juniv.edu/client/images/default-images/default-img-person.jpg]
[www.juniv.edu/teachers354f.html]
[www.juniv.edu/client-v2/favicons/safari-pinned-tab.svg]
[www.juniv.edu/client-v2/ui-libs/bootstrap-4.0.0-beta/css/bootstrap.min.css]
[www.juniv.edu/client-v2/css/client-style.css]
[cdnjs.cloudflare.com/ajax/libs/animate.css/3.5.2/animate.min.css]
[www.juniv.edu/js/jquery.js]
[ajax.googleapis.com/ajax/libs/jqueryui/1.10.3/jquery-ui.min.js]
[www.juniv.edu/client-v2/images/logo-v3.png]
[www.juniv.edu/client/images/sign-in-photo.png]
[www.juniv.edu/login.html]
[www.juniv.edu/client-v2/images/default-discussion-image-v2.png]
[cloud.tinymce.com/stable/tinymce.mine122.js]
[www.juniv.edu/discussion030b.html]
[www.juniv.edu/client-v2/images/ju_logo_original_v2.png]
[www.juniv.edu/custom/slug/contact-us.html]
[www.juniv.edu/image/discussion/6877_brac-2fc729.jpg]
[www.juniv.edu/image/discussion/6858_IMG_5206-copy-a0980b.jpg]
[www.juniv.edu/index.html]
[www.juniv.edu/administration9215.html]
[www.juniv.edu/administration0426.html]
[www.juniv.edu/administrationd7f2.html]
[www.juniv.edu/administrationd7fd.html]
[www.juniv.edu/administration918b.html]
[www.juniv.edu/file/4571_Senate-Comittee-7f590c.pdf]
[www.juniv.edu/custom/slug/senate.html]
[www.juniv.edu/file/4570_Syndicate-Comittee-cc162a.pdf]
[www.juniv.edu/custom/slug/syndicate.html]
[www.juniv.edu/file/4525_Academy-Council-76b0b4.pdf]
[www.juniv.edu/custom/slug/academic-council.html]
[www.juniv.edu/file/4574_Finance-Committee-b8c75d.pdf]
[www.juniv.edu/custom/slug/finance-committee.html]
[www.juniv.edu/program/5514/5514_17-18-f7f8ca.pdf]
[www.juniv.edu/academic-calendar.html]
[www.juniv.edu/faculty/arts.html]
[www.juniv.edu/faculty/science.html]
[www.juniv.edu/faculty/socialsci.html]
[www.juniv.edu/faculty/biosci.html]
[www.juniv.edu/faculty/business.html]
[www.juniv.edu/faculty/law.html]
[www.juniv.edu/department/41/file/41_JUIIT-THESIS-902d2e.docx]
[www.juniv.edu/department/41/file/41_Syllabus-B.Sc-in-IT-614b4d.pdf]
[www.juniv.edu/department/41/file/41_Syllabus-M.Sc-in-ICT-4b8d24.pdf]
[www.juniv.edu/department/41/file/41_Syllabus-IIT-PhD-a8274b.pdf]
[www.juniv.edu/department/41/file/41_PMIT-JU-IT-Syllabus-PMIT_2015-3feaba.pdf]
[www.juniv.edu/institute/iit.html]
[www.juniv.edu/institute/irs.html]
[www.juniv.edu/institute/biclc.html]
[www.juniv.edu/center/medical-centre.html]
[www.juniv.edu/center/102/file/102_Charges-for-Sample-Analysis-f1b95f.pdf]
[www.juniv.edu/center/102/file/102_NMR-Sample-Analysis-Request-Form-and-Charges-c98457.pdf]
[www.juniv.edu/center/102/file/102_Description-of-Instrument_A-7b15c4.pdf]
[www.juniv.edu/center/102/file/102_List-of-Instrument-25d14d.pdf]
[www.juniv.edu/center/102/file/102_AAS-669dcf.pdf]
[www.juniv.edu/center/102/file/102_Element-Analyzer-89f837.pdf]
[www.juniv.edu/center/102/file/102_HPLC-641f6a.pdf]
[www.juniv.edu/center/102/file/102_UV-and-FT-IR-24341d.pdf]
[www.juniv.edu/center/wazed-miah-science-research-center.html]
[www.juniv.edu/center/students-counselling-and-guidance-centre.html]
[www.juniv.edu/center/the-language-centre.html]
[www.juniv.edu/center/teacher-student-centre.html]
[www.juniv.edu/center/4175/file/4175_application-form-teacher-dc1816.doc]
[www.juniv.edu/center/4175/file/4175_Confirmation-Form-Teacher-c2635a.doc]
[www.juniv.edu/center/4175/file/4175_officer-1034d3.doc]
[www.juniv.edu/center/4175/file/4175_Project-Form-1e9282.pdf]
[www.juniv.edu/office/registrar-office.html]
[www.juniv.edu/office/proctor-office.html]
[www.juniv.edu/office/comptroller-office.html]
[www.juniv.edu/office/engineering-office.html]
[www.juniv.edu/office/iqac.html]
[www.juniv.edu/center/4164/file/4164_new-email-account-form-1192bf.doc]
[www.juniv.edu/center/4164/file/4164_4164_eAccount_BasicProfileApplication-3d5734-0da955.doc]
[www.juniv.edu/center/4164/file/4164_imc_0004-ad3d89.pdf]
[www.juniv.edu/office/ictcell.html]
[www.juniv.edu/office/planning-and-development-office.html]
[www.juniv.edu/office/public-relation-office.html]
[www.juniv.edu/office/physical-training-office.html]
[www.juniv.edu/center/4181/file/4181_Certificate_Form-General-d21b7c.pdf]
[www.juniv.edu/center/4181/file/4181_Certificate_Form-Program-f57456.pdf]
[www.juniv.edu/center/4181/file/4181_Transcript-General-2abcec.pdf]
[www.juniv.edu/center/4181/file/4181_Transcript-EMBA-edc18e.pdf]
[www.juniv.edu/center/4181/file/4181_Grade-Sheet-General-20fd23.pdf]
[www.juniv.edu/center/4181/file/4181_MPhil_PhD_Thesis_Evaluation_Form-74377a.pdf]
[www.juniv.edu/center/4181/file/4181_MarkSheet-Thesis_Project-c6df49.pdf]
[www.juniv.edu/center/4181/file/4181_Average-Marks-Form-7a55fa.pdf]
[www.juniv.edu/center/4181/file/4181_Details-Mark-Sheet-For-Examiner-aa7fa8.pdf]
[www.juniv.edu/center/4181/file/4181_Teacher_Remuneration_Bill_Form-01-2ec1af.pdf]
[www.juniv.edu/center/4181/file/4181_Teacher_Remuneration_Bill_Form-02-fa5bde.pdf]
[www.juniv.edu/office/office-of-the-controller-of-examinations.html]
[www.juniv.edu/office/internal-audit-office.html]
[www.juniv.edu/office/university-library.html]
[www.juniv.edu/office/science-workshop.html]
[www.juniv.edu/center/4206/file/4206_Bus-trip-Schedule-Teachers--Community-07061f.pdf]
[www.juniv.edu/center/4206/file/4206_Bus-trip-Schedule-Students-73935c.pdf]
[www.juniv.edu/office/transport-office.html]
[www.juniv.edu/hall/meer-mosharraf-hossain-hall.html]
[www.juniv.edu/hall/shaheed-salam-barkat-hall.html]
[www.juniv.edu/hall/bangabandhu-sheikh-mujibur-rahman-hall.html]
[www.juniv.edu/hall/al-beruni-hall.html]
[www.juniv.edu/hall/shaheed-rafiq-jabbar-hall.html]
[www.juniv.edu/hall/a-f-m-kamaluddin-hall.html]
[www.juniv.edu/hall/mowlana-bhashani-hall.html]
[www.juniv.edu/hall/bishwakabi-rabindranath-tagore-hall.html]
[www.juniv.edu/hall/jahanara-imam-hall.html]
[www.juniv.edu/hall/nawab-faizunnesa-hall.html]
[www.juniv.edu/hall/pritilata-hall.html]
[www.juniv.edu/hall/fazilatunnesa-hall.html]
[www.juniv.edu/hall/begum-khaleda-zia-hall.html]
[www.juniv.edu/hall/sheikh-hasina-hall.html]
[www.juniv.edu/hall/bangamata-begum-fazilatunnessa-mujib-hall.html]
[www.juniv.edu/hall/begum-sufia-kamal-hall.html]
[www.juniv.edu/teachers.html]
[www.juniv.edu/facility/4156.html]
[www.juniv.edu/facility/4157.html]
[cdnjs.cloudflare.com/ajax/libs/baguettebox.js/1.8.1/baguetteBox.min.css]
[www.juniv.edu/image/gallery/6458_4-day-long-Cultural-fest-begins-at-JU-91ed2c.jpg]
[www.juniv.edu/image/gallery/6455_25-631c4f.jpg]
[www.juniv.edu/image/gallery/6456_b-birth-8d8e42.jpg]
[www.juniv.edu/image/gallery/6457_womens-day-69c15d.jpg]
[www.juniv.edu/image/gallery/5242_gl8-4cf104.jpg]
[www.juniv.edu/image/gallery/5236_gl2-bb248f.jpg]
[www.juniv.edu/image/gallery/5241_gl7-de87cd.jpg]
[www.juniv.edu/image/gallery/5240_gl6-ef402b.jpg]
[cdnjs.cloudflare.com/ajax/libs/baguettebox.js/1.8.1/baguetteBox.min.js]
[www.juniv.edu/gallery.html]
[www.juniv.edu/facility/3188.html]
[www.juniv.edu/facility/134.html]
[www.juniv.edu/program/3042.html]
[www.juniv.edu/file/6309_Drama--Dramatics-new-b76db9.pdf]
[www.juniv.edu/program/3044.html]
[www.juniv.edu/file/5443_PMSCS-Program-Admission-Circular-Summer-2018-36fd0a.pdf]
[www.juniv.edu/file/5815_eng-Summer-2018-380007.jpg]
[www.juniv.edu/file/6462_Ad---Internal-Color-Edited-984736.pdf]
[www.juniv.edu/file/6312_Admission-Notice-Summer-Semester-2018-7975fb.pdf]
[www.juniv.edu/file/6604_Circular-for-Newspaper-25-April-2018-bb926f.pdf]
[www.juniv.edu/program/4549.html]
[www.juniv.edu/journal/6693/6693_Cover_Volume-40-No.02-abe27f.jpg]
[www.juniv.edu/journal/6692/6692_00.-Contents-2017-c0fe69.pdf]
[www.juniv.edu/journal/6691/6691_01.-Sk-227-022a87.pdf]
[www.juniv.edu/journal/6690/file.html]
[www.juniv.edu/journal.html]
[www.juniv.edu/certificate.html]
[www.juniv.edu/custom/slug/registered-graduate.html]
[www.juniv.edu/teachers/hanif_ju03.html]
[www.juniv.edu/teachers/cedas.html]
[www.juniv.edu/teachers/akram.html]
[www.juniv.edu/teachers/shorifuddin.html]
[www.juniv.edu/teachers/alamin.html]
[www.juniv.edu/teachers/rmzahid.html]
[www.juniv.edu/teachers/imdad.html]
[www.juniv.edu/teachers/mozammel.html]
[www.juniv.edu/teachers/litonrozario.html]
[www.juniv.edu/teachers/khokan.html]
[www.juniv.edu/teachers/israt.html]
[www.juniv.edu/teachers/hkabir.html]
[www.juniv.edu/custom/slug/forms.html]
[www.juniv.edu/discussion2cbf.html]
[www.juniv.edu/css/bootstrap.min.css]
[www.juniv.edu/css/sb-admin.css]
[www.juniv.edu/css/profile.css]
[www.juniv.edu/css/juniv-admin.css]
[www.juniv.edu/font-awesome/css/font-awesome.min.css]
[www.juniv.edu/home.html]
[www.juniv.edu/forgotPassword.html]
[www.juniv.edu/discussion/65395ddd.html]
[www.juniv.edu/discussion/60645ddd.html]
[www.juniv.edu/discussion/60445ddd.html]
[www.juniv.edu/discussion/57655ddd.html]
[www.juniv.edu/discussion/57105ddd.html]
[www.juniv.edu/discussion/54455ddd.html]
[www.juniv.edu/discussion/54365ddd.html]
[www.juniv.edu/discussion/53955ddd.html]
[www.juniv.edu/discussion/46295ddd.html]
[www.juniv.edu/discussion/45045ddd.html]
[www.juniv.edu/custom/slug/about-ju.html]
[www.juniv.edu/discussion/6807.html]
[www.juniv.edu/discussion/6804.html]
[www.juniv.edu/discussion/6722.html]
[www.juniv.edu/discussion/6528.html]
[www.juniv.edu/discussion/6421.html]
[www.juniv.edu/discussion6acf.html]
[www.juniv.edu/discussion/6460.html]
[www.juniv.edu/discussion/4165.html]
[www.juniv.edu/discussion/4162.html]
[www.juniv.edu/discussion76ba.html]
[www.juniv.edu/discussion/5485.html]
[www.juniv.edu/discussion/4640.html]
[www.juniv.edu/discussion/4239.html]
[www.juniv.edu/discussion/6734.html]
[www.juniv.edu/discussion/6731.html]
[www.juniv.edu/discussion/6710.html]
[www.juniv.edu/discussion/6708.html]
[www.juniv.edu/discussion/6706.html]
[www.juniv.edu/discussion/6877.html]
[www.juniv.edu/discussion/6874.html]
[www.juniv.edu/discussion/6858.html]
[www.juniv.edu/discussion/6849.html]
[www.juniv.edu/discussion/6848.html]
[www.juniv.edu/discussion48a2.html]
[www.juniv.edu/department/ir.html]
[www.juniv.edu/department/english.html]
[www.juniv.edu/department/history.html]
[www.juniv.edu/department/phil.html]
[www.juniv.edu/department/drama.html]
[www.juniv.edu/department/arch.html]
[www.juniv.edu/department/bangla.html]
[www.juniv.edu/department/arts.html]
[www.juniv.edu/department/cse.html]
[www.juniv.edu/department/math.html]
[www.juniv.edu/department/phy.html]
[www.juniv.edu/department/env.html]
[www.juniv.edu/department/statistics.html]
[www.juniv.edu/department/geosc.html]
[www.juniv.edu/department/chem.html]
[www.juniv.edu/department/economics.html]
[www.juniv.edu/department/urp.html]
[www.juniv.edu/department/anthro.html]
[www.juniv.edu/department/geoenv.html]
[www.juniv.edu/department/govpoli.html]
[www.juniv.edu/department/pubad.html]
[www.juniv.edu/department/botany.html]
[www.juniv.edu/department/bmb.html]
[www.juniv.edu/department/zoology.html]
[www.juniv.edu/department/phar.html]
[www.juniv.edu/department/mbio.html]
[www.juniv.edu/department/biogen.html]
[www.juniv.edu/department/puhi.html]
[www.juniv.edu/department/banking.html]
[www.juniv.edu/department/marketing.html]
[www.juniv.edu/department/ais.html]
[www.juniv.edu/department/management.html]
[www.juniv.edu/department/law.html]
[www.juniv.edu/discussion/68772b92.html]
[www.juniv.edu/discussion/68742b92.html]
[www.juniv.edu/discussion/68582b92.html]
[www.juniv.edu/discussion/68492b92.html]
[www.juniv.edu/discussion2b92.html]
[www.juniv.edu/administration/4587.html]
[www.juniv.edu/academic-calendar5727.html]
[www.juniv.edu/teachers/pawankarju.html]
[www.juniv.edu/teachers/ajit.html]
[www.juniv.edu/journaladd2.html]
[www.juniv.edu/teachers/rashedaakhtar.html]
[www.juniv.edu/teachers/jabber.html]
[www.juniv.edu/teachers/nillshampa.html]
[www.juniv.edu/teachers/bashir.html]
[www.juniv.edu/teachers/farzanaislam.html]
[www.juniv.edu/department/41/chairman-message.html]
[www.juniv.edu/department/41/program/6178.html]
[www.juniv.edu/department/41/program/6177.html]
[www.juniv.edu/department/41/program/6176.html]
[www.juniv.edu/department/41/program/6175.html]
[www.juniv.edu/department/41/program/6174.html]
[www.juniv.edu/department/41/program/6173.html]
[www.juniv.edu/department/41/research/3532.html]
[www.juniv.edu/teachers5e74.html]
[www.juniv.edu/officers330b.html]
[www.juniv.edu/officersed8a.html]
[www.juniv.edu/department/41/links.html]
[www.juniv.edu/teachers/patwary8b37.html]
[www.juniv.edu/teachers/sarker8b37.html]
[www.juniv.edu/teachers/akkas8b37.html]
[www.juniv.edu/teachers/mskaiser8b37.html]
[www.juniv.edu/teachers/fahima8b37.html]
[www.juniv.edu/department/41/facility/6167.html]
[www.juniv.edu/department/41/facility/6168.html]
[www.juniv.edu/department/41/facility/6169.html]
[www.juniv.edu/department/41/facility/6170.html]
[www.juniv.edu/department/41/facility/6171.html]
[www.juniv.edu/department/41/files.html]
[www.juniv.edu/discussion/6776.html]
[www.juniv.edu/discussion/6774.html]
[www.juniv.edu/discussion/6763.html]
[www.juniv.edu/discussion/6727.html]
[www.juniv.edu/discussion/6714.html]
[www.juniv.edu/discussion88be.html]
[www.juniv.edu/teachers/s.t.html]
[www.juniv.edu/department/4894/chairman-message.html]
[www.juniv.edu/officers6bca.html]
[www.juniv.edu/officersa3b4.html]
[www.juniv.edu/department/4894/links.html]
[www.juniv.edu/department/4718/chairman-message.html]
[www.juniv.edu/officersda03.html]
[www.juniv.edu/officers8933.html]
[www.juniv.edu/department/4718/links.html]
[www.juniv.edu/teachers/ishitaakhterbiclc8795.html]
[www.juniv.edu/teachers/hamimkamrul8795.html]
[www.juniv.edu/teachersed34.html]
[www.juniv.edu/officers98a7.html]
[www.juniv.edu/officers50fa.html]
[www.juniv.edu/teachers/khabir88.html]
[www.juniv.edu/research-center/index.html]
[www.juniv.edu/wp-content/uploads/2012/01/Charges-for-Sample-Analysis.html]
[www.juniv.edu/wp-content/uploads/2012/01/NMR-Sample-Analysis-Request-Form-and-Charges.html]
[www.juniv.edu/wp-content/uploads/2012/01/Facilities-_1_Description-of-Instrument_A.html]
[www.juniv.edu/wp-content/uploads/2012/01/Failities_2_List-of-Instrument.html]
[www.juniv.edu/wp-content/uploads/2012/01/AAS.html]
[www.juniv.edu/wp-content/uploads/2012/01/Element-Analyzer.html]
[www.juniv.edu/wp-content/uploads/2012/01/HPLC.html]
[www.juniv.edu/wp-content/uploads/2012/01/UV-and-FT-IR.html]
[www.juniv.edu/officersb5b2.html]
[www.juniv.edu/officers7931.html]
[www.juniv.edu/officers4b65.html]
[www.juniv.edu/officers3f27.html]
[www.juniv.edu/teachers/khaledhossain_ju.html]
[www.juniv.edu/wp-content/uploads/2017/03/Language-Center.html]
[www.juniv.edu/officers10e9.html]
[www.juniv.edu/officers1ff8.html]
[www.juniv.edu/officers6b23.html]
[www.juniv.edu/officers4318.html]
[www.juniv.edu/center/4175/program/6028.html]
[www.juniv.edu/officers9230.html]
[www.juniv.edu/officers6399.html]
[www.juniv.edu/teachers/zulkernines.html]
[www.juniv.edu/officersc6b8.html]
[www.juniv.edu/officers1bf4.html]
[www.juniv.edu/officers2d52.html]
[www.juniv.edu/officers14dd.html]
[www.juniv.edu/officers62dc.html]
[www.juniv.edu/officersa077.html]
[www.juniv.edu/officerscb8a.html]
[www.juniv.edu/officers024d.html]
[www.juniv.edu/center/4164/program/4492.html]
[www.juniv.edu/center/4164/program/4493.html]
[www.juniv.edu/center/4164/program/4494.html]
[www.juniv.edu/officersb490.html]
[www.juniv.edu/officers7a13.html]
[www.juniv.edu/officers32e4.html]
[www.juniv.edu/officers98f5.html]
[www.juniv.edu/officers4776.html]
[www.juniv.edu/officersad70.html]
[www.juniv.edu/officers6686.html]
[www.juniv.edu/officers5bc7.html]
[www.juniv.edu/teachers/ashitju.html]
[www.juniv.edu/officers553d.html]
[www.juniv.edu/officers07bb.html]
[www.juniv.edu/officers2aec.html]
[www.juniv.edu/officers5508.html]
[www.juniv.edu/officersa3a8.html]
[www.juniv.edu/officers05d8.html]
[www.juniv.edu/officersa2c7.html]
[www.juniv.edu/officersac7f.html]
[www.juniv.edu/center/4206/program/4510.html]
[www.juniv.edu/officers29ac.html]
[www.juniv.edu/officers1168.html]
[www.juniv.edu/teachers/smtareq.html]
[www.juniv.edu/teachers/aat.html]
[www.juniv.edu/teachers/faridahmed.html]
[www.juniv.edu/teachers/amzad104.html]
[www.juniv.edu/teachers/drsalmed_bmbju.html]
[www.juniv.edu/teachers/najmul.html]
[www.juniv.edu/teachers/kafi.html]
[www.juniv.edu/teachers/nigarsultana26.html]
[www.juniv.edu/teachers/atique.html]
[www.juniv.edu/teachers/arahosne1976.html]
[www.juniv.edu/teachers/mazibm.html]
[www.juniv.edu/teachers/mdmotaher.html]
[www.juniv.edu/teachers/amhzaman.html]
[www.juniv.edu/teachers/islam.html]
[www.juniv.edu/teachers/kalamabul.html]
[www.juniv.edu/teachers/raihanmukul.html]
[www.juniv.edu/teachers/shahnawazju.html]
[www.juniv.edu/teachers/amshohaelju.html]
[www.juniv.edu/teachers/afsar.html]
[www.juniv.edu/teachers/ashrafuddin.html]
[www.juniv.edu/teachers/bdh2judgs.html]
[www.juniv.edu/teachers/fahminaahmed.html]
[www.juniv.edu/teachers/kanchan.html]
[www.juniv.edu/teachers/mmz71.html]
[www.juniv.edu/campus-life/auditorium/index9d37.html]
[www.juniv.edu/campus-life/auditorium/index3f87.html]
[cdnjs.cloudflare.com/ajax/libs/baguettebox.js/1.8.1/baguetteBox.min.css]
[www.juniv.edu/client-v2/css/gallery-clean.css]
[www.juniv.edu/wp-content/uploads/2012/01/muktomacha-300x225.html]
[www.juniv.edu/wp-content/uploads/2012/01/Sayamancha-300x224.html]
[www.juniv.edu/campus-life/tsc/indexe82c.html]
[www.juniv.edu/campus-life/tsc/index4a60.html]
[www.juniv.edu/campus-life/tsc/indexe504.html]
[www.juniv.edu/discussion/549871c5.html]
[www.juniv.edu/wp-content/uploads/2016/04/Admission-Notice-Spring-2017-JU-_14-Nov16-final.html]
[192.163.202.2/_juniv/wp-content/uploads/2012/01/New14.html]
[www.juniv.edu/file/4571_Senate-Comittee-7f590c.pdf]
[www.juniv.edu/file/4525_Academy-Council-76b0b4.pdf]
